15:56:01 **** Incremental Build of configuration Debug for project led_toggle ****
make -j16 all 
arm-none-eabi-gcc "../Src/main.c" -mcpu=cortex-m7 -std=gnu11 -g3 -DDEBUG -DSTM32 -DSTM32F7 -DSTM32F767ZITx -c -I../Inc -O0 -ffunction-sections -fdata-sections -Wall -fstack-usage -fcyclomatic-complexity -MMD -MP -MF"Src/main.d" -MT"Src/main.o" --specs=nano.specs -mfpu=fpv5-d16 -mfloat-abi=hard -mthumb -o "Src/main.o"
arm-none-eabi-gcc -o "led_toggle.elf" @"objects.list"   -mcpu=cortex-m7 -T"/home/tony/Documents/coding/embedded/led_toggle/STM32F767ZITX_FLASH.ld" --specs=nosys.specs -Wl,-Map="led_toggle.map" -Wl,--gc-sections -static --specs=nano.specs -mfpu=fpv5-d16 -mfloat-abi=hard -mthumb -Wl,--start-group -lc -lm -Wl,--end-group
Finished building target: led_toggle.elf
 
arm-none-eabi-size  led_toggle.elf 
arm-none-eabi-objdump -h -S led_toggle.elf  > "led_toggle.list"
   text	   data	    bss	    dec	    hex	filename
    936	      0	   1568	   2504	    9c8	led_toggle.elf
Finished building: default.size.stdout
 
Finished building: led_toggle.list
 
15:56:12 **** Incremental Build of configuration Debug for project led_toggle ****
make -j16 all 
arm-none-eabi-size  led_toggle.elf 
   text	   data	    bss	    dec	    hex	filename
    936	      0	   1568	   2504	    9c8	led_toggle.elf
Finished building: default.size.stdout
 
